unexpected characters in securitytoken. wrong language? 