provide valid accessrequest in format of extraverbose martian language (xml)
