ErrorMessage: __Access denied!
NextSecurityLevelChallenge: 
Content:
